// Jest Snapshot v1, https://goo.gl/fbAQLP

exports[`<Provider/> renders with custom theme 1`] = `
.c0 {
  font-family: Avenir Next;
}

.c0 h1,
.c0 h2,
.c0 h3,
.c0 h4,
.c0 h5,
.c0 h6 {
  font-weight: 500;
  line-height: 1.25;
  margin-bottom: 0.5em;
  margin-top: 0;
}

.c0 h1,
.c0 h2,
.c0 h3,
.c0 h4 {
  color: #10161A;
}

.c0 h5,
.c0 h6 {
  color: #182026;
}

.c0 p {
  color: #202B33;
  line-height: 1.5;
  margin-bottom: 0.5em;
  margin-top: 0;
}

.c0 a {
  color: #008CC0;
  outline: none;
  -webkit-text-decoration: none;
  text-decoration: none;
}

.c0 a:hover {
  color: #00A7E4;
}

.c0 a:focus,
.c0 a:hover,
.c0 a:active {
  -webkit-text-decoration: underline;
  text-decoration: underline;
}

.c0 a:focus,
.c0 a:active {
  color: #007099;
}

.c0 a:focus {
  -webkit-text-decoration: none;
  text-decoration: none;
}

.c0 b,
.c0 strong {
  font-weight: bolder;
}

.c0 code,
.c0 kbd,
.c0 pre,
.c0 samp {
  font-family: "Menlo, Courier, monospace";
}

.c0 code {
  color: #F22828;
  background: #FBFBFB;
  padding: 0.1rem 0.15rem;
  line-height: 1.2;
}

<div
  className="c0"
/>
`;

exports[`<Provider/> should renders correctly 1`] = `
ShallowWrapper {
  "length": 1,
  Symbol(enzyme.__root__): [Circular],
  Symbol(enzyme.__unrendered__): <W.Provider
    theme={Object {}}
  />,
  Symbol(enzyme.__renderer__): Object {
    "batchedUpdates": [Function],
    "getNode": [Function],
    "render": [Function],
    "simulateEvent": [Function],
    "unmount": [Function],
  },
  Symbol(enzyme.__node__): Object {
    "instance": null,
    "key": undefined,
    "nodeType": "class",
    "props": Object {
      "children": <Root />,
      "theme": Object {
        "breakpoints": Array [
          "24em",
          "32em",
          "48em",
          "64em",
          "80em",
        ],
        "colors": Object {
          "B10": "#3ECBFF",
          "B20": "#00B7FA",
          "B30": "#00A7E4",
          "B40": "#009AD3",
          "B5": "#B1EAFF",
          "B50": "#008CC0",
          "B60": "#007099",
          "B7": "#7CDCFF",
          "B70": "#004660",
          "BLACK": "#000",
          "G10": "#79F2C0",
          "G20": "#57D9A3",
          "G30": "#36B37E",
          "G40": "#006644",
          "G5": "#E2FFEE",
          "G50": "#00875A",
          "G7": "#ABF5D1",
          "N1": "#FBFBFB",
          "N10": "#6C869B",
          "N2": "#EFF3F6",
          "N20": "#60798E",
          "N3": "#E2EAF2",
          "N30": "#566E82",
          "N4": "#CED9E3",
          "N40": "#4D6171",
          "N5": "#BECEDC",
          "N50": "#394B59",
          "N6": "#9DB3C6",
          "N60": "#293742",
          "N7": "#90A9BF",
          "N70": "#202B33",
          "N8": "#87A0B5",
          "N80": "#182026",
          "N9": "#768FA4",
          "N90": "#10161A",
          "O10": "#FFE380",
          "O20": "#FFC60A",
          "O30": "#FA9B00",
          "O40": "#EF8100",
          "O5": "#FFF7D7",
          "O50": "#E15B00",
          "O7": "#FFF19F",
          "P10": "#998DD9",
          "P20": "#8777D9",
          "P30": "#6554C0",
          "P40": "#5243AA",
          "P5": "#EAE6FF",
          "P50": "#403294",
          "P7": "#C0B6F2",
          "R10": "#FF5252",
          "R20": "#F22828",
          "R30": "#DC1F1F",
          "R40": "#C61515",
          "R5": "#FFADAD",
          "R50": "#B40404",
          "R7": "#FF8383",
          "T10": "#79E2F2",
          "T20": "#00C7E6",
          "T30": "#00B8D9",
          "T40": "#008DA6",
          "T5": "#E6FCFF",
          "T50": "#00A3BF",
          "T7": "#B3F5FF",
          "WHITE": "#FFF",
        },
        "fontSizes": Array [
          12,
          14,
          16,
          20,
          24,
          32,
          48,
          64,
          72,
          96,
        ],
        "fontWeights": Object {
          "bold": 700,
          "normal": 400,
          "xbold": 900,
        },
        "fonts": "-apple-system, BlinkMacSystemFont, Helvetica, \\"Helvetica Neue\\", system-ui, sans-serif",
        "letterSpacings": Object {
          "caps": "0.25em",
          "normal": "normal",
        },
        "lineHeights": Array [
          1,
          1.125,
          1.25,
          1.5,
        ],
        "space": Array [
          0,
          4,
          8,
          16,
          32,
          64,
          128,
        ],
      },
    },
    "ref": null,
    "rendered": Object {
      "instance": null,
      "key": undefined,
      "nodeType": "class",
      "props": Object {},
      "ref": null,
      "rendered": null,
      "type": [Function],
    },
    "type": [Function],
  },
  Symbol(enzyme.__nodes__): Array [
    Object {
      "instance": null,
      "key": undefined,
      "nodeType": "class",
      "props": Object {
        "children": <Root />,
        "theme": Object {
          "breakpoints": Array [
            "24em",
            "32em",
            "48em",
            "64em",
            "80em",
          ],
          "colors": Object {
            "B10": "#3ECBFF",
            "B20": "#00B7FA",
            "B30": "#00A7E4",
            "B40": "#009AD3",
            "B5": "#B1EAFF",
            "B50": "#008CC0",
            "B60": "#007099",
            "B7": "#7CDCFF",
            "B70": "#004660",
            "BLACK": "#000",
            "G10": "#79F2C0",
            "G20": "#57D9A3",
            "G30": "#36B37E",
            "G40": "#006644",
            "G5": "#E2FFEE",
            "G50": "#00875A",
            "G7": "#ABF5D1",
            "N1": "#FBFBFB",
            "N10": "#6C869B",
            "N2": "#EFF3F6",
            "N20": "#60798E",
            "N3": "#E2EAF2",
            "N30": "#566E82",
            "N4": "#CED9E3",
            "N40": "#4D6171",
            "N5": "#BECEDC",
            "N50": "#394B59",
            "N6": "#9DB3C6",
            "N60": "#293742",
            "N7": "#90A9BF",
            "N70": "#202B33",
            "N8": "#87A0B5",
            "N80": "#182026",
            "N9": "#768FA4",
            "N90": "#10161A",
            "O10": "#FFE380",
            "O20": "#FFC60A",
            "O30": "#FA9B00",
            "O40": "#EF8100",
            "O5": "#FFF7D7",
            "O50": "#E15B00",
            "O7": "#FFF19F",
            "P10": "#998DD9",
            "P20": "#8777D9",
            "P30": "#6554C0",
            "P40": "#5243AA",
            "P5": "#EAE6FF",
            "P50": "#403294",
            "P7": "#C0B6F2",
            "R10": "#FF5252",
            "R20": "#F22828",
            "R30": "#DC1F1F",
            "R40": "#C61515",
            "R5": "#FFADAD",
            "R50": "#B40404",
            "R7": "#FF8383",
            "T10": "#79E2F2",
            "T20": "#00C7E6",
            "T30": "#00B8D9",
            "T40": "#008DA6",
            "T5": "#E6FCFF",
            "T50": "#00A3BF",
            "T7": "#B3F5FF",
            "WHITE": "#FFF",
          },
          "fontSizes": Array [
            12,
            14,
            16,
            20,
            24,
            32,
            48,
            64,
            72,
            96,
          ],
          "fontWeights": Object {
            "bold": 700,
            "normal": 400,
            "xbold": 900,
          },
          "fonts": "-apple-system, BlinkMacSystemFont, Helvetica, \\"Helvetica Neue\\", system-ui, sans-serif",
          "letterSpacings": Object {
            "caps": "0.25em",
            "normal": "normal",
          },
          "lineHeights": Array [
            1,
            1.125,
            1.25,
            1.5,
          ],
          "space": Array [
            0,
            4,
            8,
            16,
            32,
            64,
            128,
          ],
        },
      },
      "ref": null,
      "rendered": Object {
        "instance": null,
        "key": undefined,
        "nodeType": "class",
        "props": Object {},
        "ref": null,
        "rendered": null,
        "type": [Function],
      },
      "type": [Function],
    },
  ],
  Symbol(enzyme.__options__): Object {
    "adapter": ReactSixteenAdapter {
      "options": Object {
        "enableComponentDidUpdateOnSetState": true,
      },
    },
  },
}
`;

exports[`<Provider/> should set stylesheet 1`] = `
<style
  type="text/css"
>
  
html {
  line-height: 1.15;
  -webkit-text-size-adjust: 100%;
}
body {
  margin: 0;
}
h1 {
  font-size: 2em;
  margin: 0.67em 0;
}
hr {
  box-sizing: content-box;
  height: 0;
  overflow: visible;
}

pre {
  font-family: monospace, monospace;
  font-size: 1em;
}

a {
  background-color: transparent;
}

abbr[title] {
  border-bottom: none;
  text-decoration: underline;
  text-decoration: underline dotted;
}

b,
strong {
  font-weight: bolder;
}

code,
kbd,
samp {
  font-family: monospace, monospace;
  font-size: 1em;
}


small {
  font-size: 80%;
}

sub,
sup {
  font-size: 75%;
  line-height: 0;
  position: relative;
  vertical-align: baseline;
}

sub {
  bottom: -0.25em;
}

sup {
  top: -0.5em;
}

img {
  border-style: none;
}


button,
input,
optgroup,
select,
textarea {
  font-family: inherit;
  font-size: 100%;
  line-height: 1.15;
  margin: 0;
}


button,
input {
  overflow: visible;
}



button,
select {
  text-transform: none;
}


button,
[type="button"],
[type="reset"],
[type="submit"] {
  -webkit-appearance: button;
}

button::-moz-focus-inner,
[type="button"]::-moz-focus-inner,
[type="reset"]::-moz-focus-inner,
[type="submit"]::-moz-focus-inner {
  border-style: none;
  padding: 0;
}

button:-moz-focusring,
[type="button"]:-moz-focusring,
[type="reset"]:-moz-focusring,
[type="submit"]:-moz-focusring {
  outline: 1px dotted ButtonText;
}


fieldset {
  padding: 0.35em 0.75em 0.625em;
}


legend {
  box-sizing: border-box;
  color: inherit;
  display: table;
  max-width: 100%;
  padding: 0;
  white-space: normal;
}

progress {
  vertical-align: baseline;
}

textarea {
  overflow: auto;
}


[type="checkbox"],
[type="radio"] {
  box-sizing: border-box;
  padding: 0;
}


[type="number"]::-webkit-inner-spin-button,
[type="number"]::-webkit-outer-spin-button {
  height: auto;
}



[type="search"] {
  -webkit-appearance: textfield;
  outline-offset: -2px;
}


[type="search"]::-webkit-search-decoration {
  -webkit-appearance: none;
}


::-webkit-file-upload-button {
  -webkit-appearance: button;
  font: inherit;
}


details {
  display: block;
}


summary {
  display: list-item;
}


template {
  display: none;
}


[hidden] {
  display: none;
}

*,
*::before,
*::after {
  box-sizing: inherit;
}


html {
  box-sizing: border-box;
  font-size: 20px;
  line-height: 1.5;
  -webkit-tap-highlight-color: transparent;
}

body {
  background: #000;
  color: #293742;
  font-family: '-apple-system, sans-serif, system-ui, BlinkMacSystemFont, Roboto, "Helvetica Neue"';
  font-size: 0.8rem;
  overflow-x: hidden;
  text-rendering: optimizeLegibility;
}


</style>
`;
