// Jest Snapshot v1, https://goo.gl/fbAQLP

exports[`<Button/> should renders correctly 1`] = `
ShallowWrapper {
  "length": 1,
  Symbol(enzyme.__root__): [Circular],
  Symbol(enzyme.__unrendered__): <Button
    appearance="default"
    btnSize="md"
    isDisabled={false}
    isLoading={false}
    isSelected={false}
    type="button"
  >
    Test
  </Button>,
  Symbol(enzyme.__renderer__): Object {
    "batchedUpdates": [Function],
    "getNode": [Function],
    "render": [Function],
    "simulateEvent": [Function],
    "unmount": [Function],
  },
  Symbol(enzyme.__node__): Object {
    "instance": null,
    "key": undefined,
    "nodeType": "class",
    "props": Object {
      "appearance": "default",
      "aria-controls": undefined,
      "aria-expanded": undefined,
      "aria-haspopup": undefined,
      "aria-label": undefined,
      "children": "Test",
      "className": undefined,
      "disabled": false,
      "elementSize": undefined,
      "fluid": undefined,
      "form": undefined,
      "id": undefined,
      "isLoading": false,
      "type": "button",
    },
    "ref": null,
    "rendered": "Test",
    "type": [Function],
  },
  Symbol(enzyme.__nodes__): Array [
    Object {
      "instance": null,
      "key": undefined,
      "nodeType": "class",
      "props": Object {
        "appearance": "default",
        "aria-controls": undefined,
        "aria-expanded": undefined,
        "aria-haspopup": undefined,
        "aria-label": undefined,
        "children": "Test",
        "className": undefined,
        "disabled": false,
        "elementSize": undefined,
        "fluid": undefined,
        "form": undefined,
        "id": undefined,
        "isLoading": false,
        "type": "button",
      },
      "ref": null,
      "rendered": "Test",
      "type": [Function],
    },
  ],
  Symbol(enzyme.__options__): Object {
    "adapter": ReactSixteenAdapter {
      "options": Object {
        "enableComponentDidUpdateOnSetState": true,
      },
    },
  },
}
`;
